=== 2026-05-18T20:43:16.4185807-07:00 :: --slug cc-bonus-a-improve-agent ===
Generating 1 episodes (group=all) with ALEX=am_liam, JAMIE=af_jessica
Pacing: speed=1.08, pause=1.0s, same-speaker-gap=0.18s, speaker-change-gap=0.28s, tail=0.18s
Output dir: C:\code\git-going-with-github\podcasts\audio\kokoro-am_liam-af_jessica
Keep-awake active: preventing system sleep during generation
  (does not prevent manual Ctrl+C interruption)
[1/1] Generating: cc-bonus-a-improve-agent
  progress 1/70 (ALEX)
  progress 5/70 (ALEX)
  progress 10/70 (ALEX)
  progress 15/70 (PAUSE)
  progress 20/70 (ALEX)
  progress 25/70 (JAMIE)
  progress 30/70 (ALEX)
  progress 35/70 (ALEX)
  progress 40/70 (JAMIE)
  progress 45/70 (ALEX)
  progress 50/70 (PAUSE)
  progress 55/70 (JAMIE)
  progress 60/70 (JAMIE)
  progress 65/70 (ALEX)
  progress 70/70 (ALEX)
Keep-awake released: normal power management restored
Done. Generated=1, Skipped=0, Failed=0
=== 2026-05-18T20:46:33.7256048-07:00 :: --slug cc-bonus-b-document-your-journey ===
Generating 1 episodes (group=all) with ALEX=am_liam, JAMIE=af_jessica
Pacing: speed=1.08, pause=1.0s, same-speaker-gap=0.18s, speaker-change-gap=0.28s, tail=0.18s
Output dir: C:\code\git-going-with-github\podcasts\audio\kokoro-am_liam-af_jessica
Keep-awake active: preventing system sleep during generation
  (does not prevent manual Ctrl+C interruption)
[1/1] Generating: cc-bonus-b-document-your-journey
  progress 1/87 (ALEX)
  progress 5/87 (ALEX)
  progress 10/87 (ALEX)
  progress 15/87 (JAMIE)
  progress 20/87 (ALEX)
  progress 25/87 (ALEX)
  progress 30/87 (JAMIE)
  progress 35/87 (ALEX)
  progress 40/87 (ALEX)
  progress 45/87 (PAUSE)
  progress 50/87 (ALEX)
  progress 55/87 (ALEX)
  progress 60/87 (JAMIE)
  progress 65/87 (ALEX)
  progress 70/87 (PAUSE)
  progress 75/87 (JAMIE)
  progress 80/87 (JAMIE)
  progress 85/87 (ALEX)
  progress 87/87 (ALEX)
Keep-awake released: normal power management restored
Done. Generated=1, Skipped=0, Failed=0
=== 2026-05-18T20:49:53.6162455-07:00 :: --slug cc-bonus-c-group-challenge ===
Generating 1 episodes (group=all) with ALEX=am_liam, JAMIE=af_jessica
Pacing: speed=1.08, pause=1.0s, same-speaker-gap=0.18s, speaker-change-gap=0.28s, tail=0.18s
Output dir: C:\code\git-going-with-github\podcasts\audio\kokoro-am_liam-af_jessica
Keep-awake active: preventing system sleep during generation
  (does not prevent manual Ctrl+C interruption)
[1/1] Generating: cc-bonus-c-group-challenge
  progress 1/120 (ALEX)
  progress 5/120 (ALEX)
  progress 10/120 (ALEX)
  progress 15/120 (ALEX)
  progress 20/120 (JAMIE)
  progress 25/120 (JAMIE)
  progress 30/120 (ALEX)
  progress 35/120 (ALEX)
  progress 40/120 (JAMIE)
  progress 45/120 (JAMIE)
  progress 50/120 (ALEX)
  progress 55/120 (ALEX)
  progress 60/120 (PAUSE)
  progress 65/120 (JAMIE)
  progress 70/120 (ALEX)
  progress 75/120 (JAMIE)
  progress 80/120 (JAMIE)
  progress 85/120 (ALEX)
  progress 90/120 (ALEX)
  progress 95/120 (JAMIE)
  progress 100/120 (ALEX)
  progress 105/120 (ALEX)
  progress 110/120 (PAUSE)
  progress 115/120 (JAMIE)
  progress 120/120 (ALEX)
Keep-awake released: normal power management restored
Done. Generated=1, Skipped=0, Failed=0
=== 2026-05-18T20:54:26.5117040-07:00 :: --slug cc-bonus-d-notifications ===
Generating 1 episodes (group=all) with ALEX=am_liam, JAMIE=af_jessica
Pacing: speed=1.08, pause=1.0s, same-speaker-gap=0.18s, speaker-change-gap=0.28s, tail=0.18s
Output dir: C:\code\git-going-with-github\podcasts\audio\kokoro-am_liam-af_jessica
Keep-awake active: preventing system sleep during generation
  (does not prevent manual Ctrl+C interruption)
[1/1] Generating: cc-bonus-d-notifications
  progress 1/51 (ALEX)
  progress 5/51 (PAUSE)
  progress 10/51 (ALEX)
  progress 15/51 (ALEX)
  progress 20/51 (ALEX)
  progress 25/51 (ALEX)
  progress 30/51 (PAUSE)
  progress 35/51 (JAMIE)
  progress 40/51 (JAMIE)
  progress 45/51 (JAMIE)
  progress 50/51 (JAMIE)
  progress 51/51 (ALEX)
Keep-awake released: normal power management restored
Done. Generated=1, Skipped=0, Failed=0
=== 2026-05-18T20:57:00.1682141-07:00 :: --slug cc-bonus-e-git-history ===
Generating 1 episodes (group=all) with ALEX=am_liam, JAMIE=af_jessica
Pacing: speed=1.08, pause=1.0s, same-speaker-gap=0.18s, speaker-change-gap=0.28s, tail=0.18s
Output dir: C:\code\git-going-with-github\podcasts\audio\kokoro-am_liam-af_jessica
Keep-awake active: preventing system sleep during generation
  (does not prevent manual Ctrl+C interruption)
[1/1] Generating: cc-bonus-e-git-history
  progress 1/80 (ALEX)
  progress 5/80 (ALEX)
  progress 10/80 (ALEX)
  progress 15/80 (PAUSE)
  progress 20/80 (JAMIE)
  progress 25/80 (JAMIE)
  progress 30/80 (ALEX)
  progress 35/80 (ALEX)
  progress 40/80 (PAUSE)
  progress 45/80 (JAMIE)
  progress 50/80 (JAMIE)
  progress 55/80 (ALEX)
  progress 60/80 (ALEX)
  progress 65/80 (JAMIE)
  progress 70/80 (JAMIE)
  progress 75/80 (JAMIE)
  progress 80/80 (ALEX)
Keep-awake released: normal power management restored
Done. Generated=1, Skipped=0, Failed=0
ALL BONUS DONE :: 2026-05-18T21:00:25.8350161-07:00
