Generating 1 episodes (group=chapters) with ALEX=am_liam, JAMIE=af_jessica
Pacing: speed=1.08, pause=1.0s, same-speaker-gap=0.18s, speaker-change-gap=0.28s, tail=0.18s
Output dir: C:\code\git-going-with-github\podcasts\audio\kokoro-am_liam-af_jessica
Keep-awake active: preventing system sleep during generation
  (does not prevent manual Ctrl+C interruption)
[1/1] Generating: ep44-choose-your-tools
  progress 1/75 (ALEX)
  progress 5/75 (PAUSE)
  progress 10/75 (ALEX)
  progress 15/75 (ALEX)
  progress 20/75 (PAUSE)
  progress 25/75 (JAMIE)
  progress 30/75 (JAMIE)
  progress 35/75 (ALEX)
  progress 40/75 (ALEX)
  progress 45/75 (JAMIE)
  progress 50/75 (JAMIE)
  progress 55/75 (ALEX)
  progress 60/75 (ALEX)
  progress 65/75 (ALEX)
  progress 70/75 (PAUSE)
  progress 75/75 (JAMIE)
Keep-awake released: normal power management restored
Done. Generated=1, Skipped=0, Failed=0
