[2026-05-05 19:51:23] DOWNLOAD https://github.com/thewh1teagle/kokoro-onnx/releases/download/model-files-v1.0/kokoro-v1.0.onnx
[2026-05-05 19:51:28] DOWNLOAD https://github.com/thewh1teagle/kokoro-onnx/releases/download/model-files-v1.0/voices-v1.0.bin
[2026-05-05 19:51:36] SYNTH af_alloy -> S:\code\git-going-with-github\podcasts\tts\samples\kokoro\all\af_alloy.wav
[2026-05-05 19:51:40] SYNTH af_aoede -> S:\code\git-going-with-github\podcasts\tts\samples\kokoro\all\af_aoede.wav
[2026-05-05 19:51:43] SYNTH af_bella -> S:\code\git-going-with-github\podcasts\tts\samples\kokoro\all\af_bella.wav
[2026-05-05 19:51:47] SYNTH af_heart -> S:\code\git-going-with-github\podcasts\tts\samples\kokoro\all\af_heart.wav
[2026-05-05 19:51:50] SYNTH af_jessica -> S:\code\git-going-with-github\podcasts\tts\samples\kokoro\all\af_jessica.wav
[2026-05-05 19:51:53] SYNTH af_kore -> S:\code\git-going-with-github\podcasts\tts\samples\kokoro\all\af_kore.wav
[2026-05-05 19:51:58] SYNTH af_nicole -> S:\code\git-going-with-github\podcasts\tts\samples\kokoro\all\af_nicole.wav
[2026-05-05 19:52:02] SYNTH af_nova -> S:\code\git-going-with-github\podcasts\tts\samples\kokoro\all\af_nova.wav
[2026-05-05 19:52:05] SYNTH af_river -> S:\code\git-going-with-github\podcasts\tts\samples\kokoro\all\af_river.wav
[2026-05-05 19:52:08] SYNTH af_sarah -> S:\code\git-going-with-github\podcasts\tts\samples\kokoro\all\af_sarah.wav
[2026-05-05 19:52:12] SYNTH af_sky -> S:\code\git-going-with-github\podcasts\tts\samples\kokoro\all\af_sky.wav
[2026-05-05 19:52:15] SYNTH am_adam -> S:\code\git-going-with-github\podcasts\tts\samples\kokoro\all\am_adam.wav
[2026-05-05 19:52:19] SYNTH am_echo -> S:\code\git-going-with-github\podcasts\tts\samples\kokoro\all\am_echo.wav
[2026-05-05 19:52:22] SYNTH am_eric -> S:\code\git-going-with-github\podcasts\tts\samples\kokoro\all\am_eric.wav
[2026-05-05 19:52:26] SYNTH am_fenrir -> S:\code\git-going-with-github\podcasts\tts\samples\kokoro\all\am_fenrir.wav
[2026-05-05 19:52:29] SYNTH am_liam -> S:\code\git-going-with-github\podcasts\tts\samples\kokoro\all\am_liam.wav
[2026-05-05 19:52:33] SYNTH am_michael -> S:\code\git-going-with-github\podcasts\tts\samples\kokoro\all\am_michael.wav
[2026-05-05 19:52:36] SYNTH am_onyx -> S:\code\git-going-with-github\podcasts\tts\samples\kokoro\all\am_onyx.wav
[2026-05-05 19:52:40] SYNTH am_puck -> S:\code\git-going-with-github\podcasts\tts\samples\kokoro\all\am_puck.wav
[2026-05-05 19:52:43] SYNTH am_santa -> S:\code\git-going-with-github\podcasts\tts\samples\kokoro\all\am_santa.wav
[2026-05-05 19:52:47] SYNTH bf_alice -> S:\code\git-going-with-github\podcasts\tts\samples\kokoro\all\bf_alice.wav
[2026-05-05 19:52:51] SYNTH bf_emma -> S:\code\git-going-with-github\podcasts\tts\samples\kokoro\all\bf_emma.wav
[2026-05-05 19:52:54] SYNTH bf_isabella -> S:\code\git-going-with-github\podcasts\tts\samples\kokoro\all\bf_isabella.wav
[2026-05-05 19:52:58] SYNTH bf_lily -> S:\code\git-going-with-github\podcasts\tts\samples\kokoro\all\bf_lily.wav
[2026-05-05 19:53:02] SYNTH bm_daniel -> S:\code\git-going-with-github\podcasts\tts\samples\kokoro\all\bm_daniel.wav
[2026-05-05 19:53:05] SYNTH bm_fable -> S:\code\git-going-with-github\podcasts\tts\samples\kokoro\all\bm_fable.wav
[2026-05-05 19:53:10] SYNTH bm_george -> S:\code\git-going-with-github\podcasts\tts\samples\kokoro\all\bm_george.wav
[2026-05-05 19:53:14] SYNTH bm_lewis -> S:\code\git-going-with-github\podcasts\tts\samples\kokoro\all\bm_lewis.wav
[2026-05-05 19:53:18] SYNTH ef_dora -> S:\code\git-going-with-github\podcasts\tts\samples\kokoro\all\ef_dora.wav
[2026-05-05 19:53:22] SYNTH em_alex -> S:\code\git-going-with-github\podcasts\tts\samples\kokoro\all\em_alex.wav
[2026-05-05 19:53:25] SYNTH em_santa -> S:\code\git-going-with-github\podcasts\tts\samples\kokoro\all\em_santa.wav
[2026-05-05 19:53:31] SYNTH ff_siwis -> S:\code\git-going-with-github\podcasts\tts\samples\kokoro\all\ff_siwis.wav
[2026-05-05 19:53:36] SYNTH hf_alpha -> S:\code\git-going-with-github\podcasts\tts\samples\kokoro\all\hf_alpha.wav
[2026-05-05 19:53:42] SYNTH hf_beta -> S:\code\git-going-with-github\podcasts\tts\samples\kokoro\all\hf_beta.wav
[2026-05-05 19:53:48] SYNTH hm_omega -> S:\code\git-going-with-github\podcasts\tts\samples\kokoro\all\hm_omega.wav
[2026-05-05 19:53:54] SYNTH hm_psi -> S:\code\git-going-with-github\podcasts\tts\samples\kokoro\all\hm_psi.wav
[2026-05-05 19:53:59] SYNTH if_sara -> S:\code\git-going-with-github\podcasts\tts\samples\kokoro\all\if_sara.wav
[2026-05-05 19:54:05] SYNTH im_nicola -> S:\code\git-going-with-github\podcasts\tts\samples\kokoro\all\im_nicola.wav
[2026-05-05 19:54:23] SYNTH jf_alpha -> S:\code\git-going-with-github\podcasts\tts\samples\kokoro\all\jf_alpha.wav
[2026-05-05 19:55:06] SYNTH jf_gongitsune -> S:\code\git-going-with-github\podcasts\tts\samples\kokoro\all\jf_gongitsune.wav
[2026-05-05 19:55:25] SYNTH jf_nezumi -> S:\code\git-going-with-github\podcasts\tts\samples\kokoro\all\jf_nezumi.wav
[2026-05-05 19:55:45] SYNTH jf_tebukuro -> S:\code\git-going-with-github\podcasts\tts\samples\kokoro\all\jf_tebukuro.wav
[2026-05-05 19:55:58] SYNTH jm_kumo -> S:\code\git-going-with-github\podcasts\tts\samples\kokoro\all\jm_kumo.wav
[2026-05-05 19:56:03] SYNTH pf_dora -> S:\code\git-going-with-github\podcasts\tts\samples\kokoro\all\pf_dora.wav
[2026-05-05 19:56:08] SYNTH pm_alex -> S:\code\git-going-with-github\podcasts\tts\samples\kokoro\all\pm_alex.wav
[2026-05-05 19:56:12] SYNTH pm_santa -> S:\code\git-going-with-github\podcasts\tts\samples\kokoro\all\pm_santa.wav
[2026-05-05 19:56:34] SYNTH zf_xiaobei -> S:\code\git-going-with-github\podcasts\tts\samples\kokoro\all\zf_xiaobei.wav
[2026-05-05 19:56:38] SYNTH zf_xiaoni -> S:\code\git-going-with-github\podcasts\tts\samples\kokoro\all\zf_xiaoni.wav
[2026-05-05 19:56:43] SYNTH zf_xiaoxiao -> S:\code\git-going-with-github\podcasts\tts\samples\kokoro\all\zf_xiaoxiao.wav
[2026-05-05 19:56:47] SYNTH zf_xiaoyi -> S:\code\git-going-with-github\podcasts\tts\samples\kokoro\all\zf_xiaoyi.wav
[2026-05-05 19:56:52] SYNTH zm_yunjian -> S:\code\git-going-with-github\podcasts\tts\samples\kokoro\all\zm_yunjian.wav
[2026-05-05 19:56:56] SYNTH zm_yunxi -> S:\code\git-going-with-github\podcasts\tts\samples\kokoro\all\zm_yunxi.wav
[2026-05-05 19:57:00] SYNTH zm_yunxia -> S:\code\git-going-with-github\podcasts\tts\samples\kokoro\all\zm_yunxia.wav
[2026-05-05 19:57:04] SYNTH zm_yunyang -> S:\code\git-going-with-github\podcasts\tts\samples\kokoro\all\zm_yunyang.wav
[2026-05-05 19:57:16] SYNTH af_alloy -> S:\code\git-going-with-github\podcasts\tts\samples\kokoro\english-high-quality\af_alloy.wav
[2026-05-05 19:57:21] SYNTH af_aoede -> S:\code\git-going-with-github\podcasts\tts\samples\kokoro\english-high-quality\af_aoede.wav
[2026-05-05 19:57:25] SYNTH af_bella -> S:\code\git-going-with-github\podcasts\tts\samples\kokoro\english-high-quality\af_bella.wav
[2026-05-05 19:57:29] SYNTH af_heart -> S:\code\git-going-with-github\podcasts\tts\samples\kokoro\english-high-quality\af_heart.wav
[2026-05-05 19:57:33] SYNTH af_jessica -> S:\code\git-going-with-github\podcasts\tts\samples\kokoro\english-high-quality\af_jessica.wav
[2026-05-05 19:57:37] SYNTH af_kore -> S:\code\git-going-with-github\podcasts\tts\samples\kokoro\english-high-quality\af_kore.wav
[2026-05-05 19:57:44] SYNTH af_nicole -> S:\code\git-going-with-github\podcasts\tts\samples\kokoro\english-high-quality\af_nicole.wav
[2026-05-05 19:57:48] SYNTH af_nova -> S:\code\git-going-with-github\podcasts\tts\samples\kokoro\english-high-quality\af_nova.wav
[2026-05-05 19:57:52] SYNTH af_river -> S:\code\git-going-with-github\podcasts\tts\samples\kokoro\english-high-quality\af_river.wav
[2026-05-05 19:57:56] SYNTH af_sarah -> S:\code\git-going-with-github\podcasts\tts\samples\kokoro\english-high-quality\af_sarah.wav
[2026-05-05 19:58:00] SYNTH af_sky -> S:\code\git-going-with-github\podcasts\tts\samples\kokoro\english-high-quality\af_sky.wav
[2026-05-05 19:58:04] SYNTH am_adam -> S:\code\git-going-with-github\podcasts\tts\samples\kokoro\english-high-quality\am_adam.wav
[2026-05-05 19:58:08] SYNTH am_echo -> S:\code\git-going-with-github\podcasts\tts\samples\kokoro\english-high-quality\am_echo.wav
[2026-05-05 19:58:12] SYNTH am_eric -> S:\code\git-going-with-github\podcasts\tts\samples\kokoro\english-high-quality\am_eric.wav
[2026-05-05 19:58:16] SYNTH am_fenrir -> S:\code\git-going-with-github\podcasts\tts\samples\kokoro\english-high-quality\am_fenrir.wav
[2026-05-05 19:58:20] SYNTH am_liam -> S:\code\git-going-with-github\podcasts\tts\samples\kokoro\english-high-quality\am_liam.wav
[2026-05-05 19:58:25] SYNTH am_michael -> S:\code\git-going-with-github\podcasts\tts\samples\kokoro\english-high-quality\am_michael.wav
[2026-05-05 19:58:29] SYNTH am_onyx -> S:\code\git-going-with-github\podcasts\tts\samples\kokoro\english-high-quality\am_onyx.wav
[2026-05-05 19:58:33] SYNTH am_puck -> S:\code\git-going-with-github\podcasts\tts\samples\kokoro\english-high-quality\am_puck.wav
[2026-05-05 19:58:37] SYNTH am_santa -> S:\code\git-going-with-github\podcasts\tts\samples\kokoro\english-high-quality\am_santa.wav
[2026-05-05 19:58:41] SYNTH bf_alice -> S:\code\git-going-with-github\podcasts\tts\samples\kokoro\english-high-quality\bf_alice.wav
[2026-05-05 19:58:46] SYNTH bf_emma -> S:\code\git-going-with-github\podcasts\tts\samples\kokoro\english-high-quality\bf_emma.wav
[2026-05-05 19:58:50] SYNTH bf_isabella -> S:\code\git-going-with-github\podcasts\tts\samples\kokoro\english-high-quality\bf_isabella.wav
[2026-05-05 19:58:54] SYNTH bf_lily -> S:\code\git-going-with-github\podcasts\tts\samples\kokoro\english-high-quality\bf_lily.wav
[2026-05-05 19:58:58] SYNTH bm_daniel -> S:\code\git-going-with-github\podcasts\tts\samples\kokoro\english-high-quality\bm_daniel.wav
[2026-05-05 19:59:02] SYNTH bm_fable -> S:\code\git-going-with-github\podcasts\tts\samples\kokoro\english-high-quality\bm_fable.wav
[2026-05-05 19:59:07] SYNTH bm_george -> S:\code\git-going-with-github\podcasts\tts\samples\kokoro\english-high-quality\bm_george.wav
[2026-05-05 19:59:12] SYNTH bm_lewis -> S:\code\git-going-with-github\podcasts\tts\samples\kokoro\english-high-quality\bm_lewis.wav
[2026-05-05 20:06:05] SYNTH af_alloy -> S:\code\git-going-with-github\podcasts\tts\samples\kokoro\all\af_alloy.wav
[2026-05-05 20:06:09] SYNTH af_aoede -> S:\code\git-going-with-github\podcasts\tts\samples\kokoro\all\af_aoede.wav
[2026-05-05 20:06:12] SYNTH af_bella -> S:\code\git-going-with-github\podcasts\tts\samples\kokoro\all\af_bella.wav
[2026-05-05 20:06:15] SYNTH af_heart -> S:\code\git-going-with-github\podcasts\tts\samples\kokoro\all\af_heart.wav
[2026-05-05 20:06:18] SYNTH af_jessica -> S:\code\git-going-with-github\podcasts\tts\samples\kokoro\all\af_jessica.wav
[2026-05-05 20:06:22] SYNTH af_kore -> S:\code\git-going-with-github\podcasts\tts\samples\kokoro\all\af_kore.wav
[2026-05-05 20:06:27] SYNTH af_nicole -> S:\code\git-going-with-github\podcasts\tts\samples\kokoro\all\af_nicole.wav
[2026-05-05 20:06:30] SYNTH af_nova -> S:\code\git-going-with-github\podcasts\tts\samples\kokoro\all\af_nova.wav
[2026-05-05 20:06:33] SYNTH af_river -> S:\code\git-going-with-github\podcasts\tts\samples\kokoro\all\af_river.wav
[2026-05-05 20:06:37] SYNTH af_sarah -> S:\code\git-going-with-github\podcasts\tts\samples\kokoro\all\af_sarah.wav
[2026-05-05 20:06:41] SYNTH af_sky -> S:\code\git-going-with-github\podcasts\tts\samples\kokoro\all\af_sky.wav
[2026-05-05 20:06:45] SYNTH am_adam -> S:\code\git-going-with-github\podcasts\tts\samples\kokoro\all\am_adam.wav
[2026-05-05 20:06:48] SYNTH am_echo -> S:\code\git-going-with-github\podcasts\tts\samples\kokoro\all\am_echo.wav
[2026-05-05 20:06:51] SYNTH am_eric -> S:\code\git-going-with-github\podcasts\tts\samples\kokoro\all\am_eric.wav
[2026-05-05 20:06:55] SYNTH am_fenrir -> S:\code\git-going-with-github\podcasts\tts\samples\kokoro\all\am_fenrir.wav
[2026-05-05 20:06:58] SYNTH am_liam -> S:\code\git-going-with-github\podcasts\tts\samples\kokoro\all\am_liam.wav
[2026-05-05 20:07:02] SYNTH am_michael -> S:\code\git-going-with-github\podcasts\tts\samples\kokoro\all\am_michael.wav
[2026-05-05 20:07:06] SYNTH am_onyx -> S:\code\git-going-with-github\podcasts\tts\samples\kokoro\all\am_onyx.wav
[2026-05-05 20:07:09] SYNTH am_puck -> S:\code\git-going-with-github\podcasts\tts\samples\kokoro\all\am_puck.wav
[2026-05-05 20:07:13] SYNTH am_santa -> S:\code\git-going-with-github\podcasts\tts\samples\kokoro\all\am_santa.wav
[2026-05-05 20:07:17] SYNTH bf_alice -> S:\code\git-going-with-github\podcasts\tts\samples\kokoro\all\bf_alice.wav
[2026-05-05 20:07:20] SYNTH bf_emma -> S:\code\git-going-with-github\podcasts\tts\samples\kokoro\all\bf_emma.wav
[2026-05-05 20:07:24] SYNTH bf_isabella -> S:\code\git-going-with-github\podcasts\tts\samples\kokoro\all\bf_isabella.wav
[2026-05-05 20:07:28] SYNTH bf_lily -> S:\code\git-going-with-github\podcasts\tts\samples\kokoro\all\bf_lily.wav
[2026-05-05 20:07:31] SYNTH bm_daniel -> S:\code\git-going-with-github\podcasts\tts\samples\kokoro\all\bm_daniel.wav
[2026-05-05 20:07:35] SYNTH bm_fable -> S:\code\git-going-with-github\podcasts\tts\samples\kokoro\all\bm_fable.wav
[2026-05-05 20:07:39] SYNTH bm_george -> S:\code\git-going-with-github\podcasts\tts\samples\kokoro\all\bm_george.wav
[2026-05-05 20:07:43] SYNTH bm_lewis -> S:\code\git-going-with-github\podcasts\tts\samples\kokoro\all\bm_lewis.wav
[2026-05-05 20:07:47] SYNTH ef_dora -> S:\code\git-going-with-github\podcasts\tts\samples\kokoro\all\ef_dora.wav
[2026-05-05 20:07:50] SYNTH em_alex -> S:\code\git-going-with-github\podcasts\tts\samples\kokoro\all\em_alex.wav
[2026-05-05 20:07:54] SYNTH em_santa -> S:\code\git-going-with-github\podcasts\tts\samples\kokoro\all\em_santa.wav
[2026-05-05 20:07:59] SYNTH ff_siwis -> S:\code\git-going-with-github\podcasts\tts\samples\kokoro\all\ff_siwis.wav
[2026-05-05 20:08:04] SYNTH hf_alpha -> S:\code\git-going-with-github\podcasts\tts\samples\kokoro\all\hf_alpha.wav
[2026-05-05 20:08:09] SYNTH hf_beta -> S:\code\git-going-with-github\podcasts\tts\samples\kokoro\all\hf_beta.wav
[2026-05-05 20:08:14] SYNTH hm_omega -> S:\code\git-going-with-github\podcasts\tts\samples\kokoro\all\hm_omega.wav
[2026-05-05 20:08:20] SYNTH hm_psi -> S:\code\git-going-with-github\podcasts\tts\samples\kokoro\all\hm_psi.wav
[2026-05-05 20:08:24] SYNTH if_sara -> S:\code\git-going-with-github\podcasts\tts\samples\kokoro\all\if_sara.wav
[2026-05-05 20:08:29] SYNTH im_nicola -> S:\code\git-going-with-github\podcasts\tts\samples\kokoro\all\im_nicola.wav
[2026-05-05 20:08:44] SYNTH jf_alpha -> S:\code\git-going-with-github\podcasts\tts\samples\kokoro\all\jf_alpha.wav
[2026-05-05 20:09:07] SYNTH jf_gongitsune -> S:\code\git-going-with-github\podcasts\tts\samples\kokoro\all\jf_gongitsune.wav
[2026-05-05 20:09:30] SYNTH jf_nezumi -> S:\code\git-going-with-github\podcasts\tts\samples\kokoro\all\jf_nezumi.wav
[2026-05-05 20:09:58] SYNTH jf_tebukuro -> S:\code\git-going-with-github\podcasts\tts\samples\kokoro\all\jf_tebukuro.wav
[2026-05-05 20:10:14] SYNTH jm_kumo -> S:\code\git-going-with-github\podcasts\tts\samples\kokoro\all\jm_kumo.wav
[2026-05-05 20:10:18] SYNTH pf_dora -> S:\code\git-going-with-github\podcasts\tts\samples\kokoro\all\pf_dora.wav
[2026-05-05 20:10:23] SYNTH pm_alex -> S:\code\git-going-with-github\podcasts\tts\samples\kokoro\all\pm_alex.wav
[2026-05-05 20:10:28] SYNTH pm_santa -> S:\code\git-going-with-github\podcasts\tts\samples\kokoro\all\pm_santa.wav
[2026-05-05 20:10:33] SYNTH zf_xiaobei -> S:\code\git-going-with-github\podcasts\tts\samples\kokoro\all\zf_xiaobei.wav
[2026-05-05 20:10:38] SYNTH zf_xiaoni -> S:\code\git-going-with-github\podcasts\tts\samples\kokoro\all\zf_xiaoni.wav
[2026-05-05 20:10:42] SYNTH zf_xiaoxiao -> S:\code\git-going-with-github\podcasts\tts\samples\kokoro\all\zf_xiaoxiao.wav
[2026-05-05 20:10:46] SYNTH zf_xiaoyi -> S:\code\git-going-with-github\podcasts\tts\samples\kokoro\all\zf_xiaoyi.wav
[2026-05-05 20:10:51] SYNTH zm_yunjian -> S:\code\git-going-with-github\podcasts\tts\samples\kokoro\all\zm_yunjian.wav
[2026-05-05 20:10:55] SYNTH zm_yunxi -> S:\code\git-going-with-github\podcasts\tts\samples\kokoro\all\zm_yunxi.wav
[2026-05-05 20:10:59] SYNTH zm_yunxia -> S:\code\git-going-with-github\podcasts\tts\samples\kokoro\all\zm_yunxia.wav
[2026-05-05 20:11:04] SYNTH zm_yunyang -> S:\code\git-going-with-github\podcasts\tts\samples\kokoro\all\zm_yunyang.wav
[2026-05-05 20:11:13] SYNTH af_alloy -> S:\code\git-going-with-github\podcasts\tts\samples\kokoro\english-high-quality\af_alloy.wav
[2026-05-05 20:11:17] SYNTH af_aoede -> S:\code\git-going-with-github\podcasts\tts\samples\kokoro\english-high-quality\af_aoede.wav
[2026-05-05 20:11:21] SYNTH af_bella -> S:\code\git-going-with-github\podcasts\tts\samples\kokoro\english-high-quality\af_bella.wav
[2026-05-05 20:11:25] SYNTH af_heart -> S:\code\git-going-with-github\podcasts\tts\samples\kokoro\english-high-quality\af_heart.wav
[2026-05-05 20:11:29] SYNTH af_jessica -> S:\code\git-going-with-github\podcasts\tts\samples\kokoro\english-high-quality\af_jessica.wav
[2026-05-05 20:11:32] SYNTH af_kore -> S:\code\git-going-with-github\podcasts\tts\samples\kokoro\english-high-quality\af_kore.wav
[2026-05-05 20:11:38] SYNTH af_nicole -> S:\code\git-going-with-github\podcasts\tts\samples\kokoro\english-high-quality\af_nicole.wav
[2026-05-05 20:11:42] SYNTH af_nova -> S:\code\git-going-with-github\podcasts\tts\samples\kokoro\english-high-quality\af_nova.wav
[2026-05-05 20:11:46] SYNTH af_river -> S:\code\git-going-with-github\podcasts\tts\samples\kokoro\english-high-quality\af_river.wav
[2026-05-05 20:11:50] SYNTH af_sarah -> S:\code\git-going-with-github\podcasts\tts\samples\kokoro\english-high-quality\af_sarah.wav
[2026-05-05 20:11:53] SYNTH af_sky -> S:\code\git-going-with-github\podcasts\tts\samples\kokoro\english-high-quality\af_sky.wav
[2026-05-05 20:11:57] SYNTH am_adam -> S:\code\git-going-with-github\podcasts\tts\samples\kokoro\english-high-quality\am_adam.wav
[2026-05-05 20:12:01] SYNTH am_echo -> S:\code\git-going-with-github\podcasts\tts\samples\kokoro\english-high-quality\am_echo.wav
[2026-05-05 20:12:04] SYNTH am_eric -> S:\code\git-going-with-github\podcasts\tts\samples\kokoro\english-high-quality\am_eric.wav
[2026-05-05 20:12:08] SYNTH am_fenrir -> S:\code\git-going-with-github\podcasts\tts\samples\kokoro\english-high-quality\am_fenrir.wav
[2026-05-05 20:12:12] SYNTH am_liam -> S:\code\git-going-with-github\podcasts\tts\samples\kokoro\english-high-quality\am_liam.wav
[2026-05-05 20:12:16] SYNTH am_michael -> S:\code\git-going-with-github\podcasts\tts\samples\kokoro\english-high-quality\am_michael.wav
[2026-05-05 20:12:20] SYNTH am_onyx -> S:\code\git-going-with-github\podcasts\tts\samples\kokoro\english-high-quality\am_onyx.wav
[2026-05-05 20:12:24] SYNTH am_puck -> S:\code\git-going-with-github\podcasts\tts\samples\kokoro\english-high-quality\am_puck.wav
[2026-05-05 20:12:28] SYNTH am_santa -> S:\code\git-going-with-github\podcasts\tts\samples\kokoro\english-high-quality\am_santa.wav
[2026-05-05 20:12:32] SYNTH bf_alice -> S:\code\git-going-with-github\podcasts\tts\samples\kokoro\english-high-quality\bf_alice.wav
[2026-05-05 20:12:35] SYNTH bf_emma -> S:\code\git-going-with-github\podcasts\tts\samples\kokoro\english-high-quality\bf_emma.wav
[2026-05-05 20:12:40] SYNTH bf_isabella -> S:\code\git-going-with-github\podcasts\tts\samples\kokoro\english-high-quality\bf_isabella.wav
[2026-05-05 20:12:44] SYNTH bf_lily -> S:\code\git-going-with-github\podcasts\tts\samples\kokoro\english-high-quality\bf_lily.wav
[2026-05-05 20:12:47] SYNTH bm_daniel -> S:\code\git-going-with-github\podcasts\tts\samples\kokoro\english-high-quality\bm_daniel.wav
[2026-05-05 20:12:51] SYNTH bm_fable -> S:\code\git-going-with-github\podcasts\tts\samples\kokoro\english-high-quality\bm_fable.wav
[2026-05-05 20:12:56] SYNTH bm_george -> S:\code\git-going-with-github\podcasts\tts\samples\kokoro\english-high-quality\bm_george.wav
[2026-05-05 20:13:01] SYNTH bm_lewis -> S:\code\git-going-with-github\podcasts\tts\samples\kokoro\english-high-quality\bm_lewis.wav
